Archive member included to satisfy reference by file (symbol)

C:/ST/STM32CubeIDE_1.14.0/STM32CubeIDE/plugins/com.st.stm32cube.ide.mcu.externaltools.gnu-tools-for-stm32.10.3-2021.10.win32_1.1.100.202309262110/tools/bin/../lib/gcc/arm-none-eabi/10.3.1/../../../../arm-none-eabi/lib/thumb/v7e-m/nofp\libc_nano.a(lib_a-errno.o)
                              ./Src/syscalls.o (__errno)
C:/ST/STM32CubeIDE_1.14.0/STM32CubeIDE/plugins/com.st.stm32cube.ide.mcu.externaltools.gnu-tools-for-stm32.10.3-2021.10.win32_1.1.100.202309262110/tools/bin/../lib/gcc/arm-none-eabi/10.3.1/../../../../arm-none-eabi/lib/thumb/v7e-m/nofp\libc_nano.a(lib_a-exit.o)
                              C:/ST/STM32CubeIDE_1.14.0/STM32CubeIDE/plugins/com.st.stm32cube.ide.mcu.externaltools.gnu-tools-for-stm32.10.3-2021.10.win32_1.1.100.202309262110/tools/bin/../lib/gcc/arm-none-eabi/10.3.1/../../../../arm-none-eabi/lib/thumb/v7e-m/nofp/crt0.o (exit)
C:/ST/STM32CubeIDE_1.14.0/STM32CubeIDE/plugins/com.st.stm32cube.ide.mcu.externaltools.gnu-tools-for-stm32.10.3-2021.10.win32_1.1.100.202309262110/tools/bin/../lib/gcc/arm-none-eabi/10.3.1/../../../../arm-none-eabi/lib/thumb/v7e-m/nofp\libc_nano.a(lib_a-impure.o)
                              C:/ST/STM32CubeIDE_1.14.0/STM32CubeIDE/plugins/com.st.stm32cube.ide.mcu.externaltools.gnu-tools-for-stm32.10.3-2021.10.win32_1.1.100.202309262110/tools/bin/../lib/gcc/arm-none-eabi/10.3.1/../../../../arm-none-eabi/lib/thumb/v7e-m/nofp\libc_nano.a(lib_a-exit.o) (_global_impure_ptr)
C:/ST/STM32CubeIDE_1.14.0/STM32CubeIDE/plugins/com.st.stm32cube.ide.mcu.externaltools.gnu-tools-for-stm32.10.3-2021.10.win32_1.1.100.202309262110/tools/bin/../lib/gcc/arm-none-eabi/10.3.1/../../../../arm-none-eabi/lib/thumb/v7e-m/nofp\libc_nano.a(lib_a-init.o)
                              C:/ST/STM32CubeIDE_1.14.0/STM32CubeIDE/plugins/com.st.stm32cube.ide.mcu.externaltools.gnu-tools-for-stm32.10.3-2021.10.win32_1.1.100.202309262110/tools/bin/../lib/gcc/arm-none-eabi/10.3.1/../../../../arm-none-eabi/lib/thumb/v7e-m/nofp/crt0.o (__libc_init_array)
C:/ST/STM32CubeIDE_1.14.0/STM32CubeIDE/plugins/com.st.stm32cube.ide.mcu.externaltools.gnu-tools-for-stm32.10.3-2021.10.win32_1.1.100.202309262110/tools/bin/../lib/gcc/arm-none-eabi/10.3.1/../../../../arm-none-eabi/lib/thumb/v7e-m/nofp\libc_nano.a(lib_a-memset.o)
                              C:/ST/STM32CubeIDE_1.14.0/STM32CubeIDE/plugins/com.st.stm32cube.ide.mcu.externaltools.gnu-tools-for-stm32.10.3-2021.10.win32_1.1.100.202309262110/tools/bin/../lib/gcc/arm-none-eabi/10.3.1/../../../../arm-none-eabi/lib/thumb/v7e-m/nofp/crt0.o (memset)

Discarded input sections

 .text          0x0000000000000000        0x0 C:/ST/STM32CubeIDE_1.14.0/STM32CubeIDE/plugins/com.st.stm32cube.ide.mcu.externaltools.gnu-tools-for-stm32.10.3-2021.10.win32_1.1.100.202309262110/tools/bin/../lib/gcc/arm-none-eabi/10.3.1/thumb/v7e-m/nofp/crti.o
 .data          0x0000000000000000        0x0 C:/ST/STM32CubeIDE_1.14.0/STM32CubeIDE/plugins/com.st.stm32cube.ide.mcu.externaltools.gnu-tools-for-stm32.10.3-2021.10.win32_1.1.100.202309262110/tools/bin/../lib/gcc/arm-none-eabi/10.3.1/thumb/v7e-m/nofp/crti.o
 .bss           0x0000000000000000        0x0 C:/ST/STM32CubeIDE_1.14.0/STM32CubeIDE/plugins/com.st.stm32cube.ide.mcu.externaltools.gnu-tools-for-stm32.10.3-2021.10.win32_1.1.100.202309262110/tools/bin/../lib/gcc/arm-none-eabi/10.3.1/thumb/v7e-m/nofp/crti.o
 .data          0x0000000000000000        0x4 C:/ST/STM32CubeIDE_1.14.0/STM32CubeIDE/plugins/com.st.stm32cube.ide.mcu.externaltools.gnu-tools-for-stm32.10.3-2021.10.win32_1.1.100.202309262110/tools/bin/../lib/gcc/arm-none-eabi/10.3.1/thumb/v7e-m/nofp/crtbegin.o
 .rodata        0x0000000000000000       0x24 C:/ST/STM32CubeIDE_1.14.0/STM32CubeIDE/plugins/com.st.stm32cube.ide.mcu.externaltools.gnu-tools-for-stm32.10.3-2021.10.win32_1.1.100.202309262110/tools/bin/../lib/gcc/arm-none-eabi/10.3.1/thumb/v7e-m/nofp/crtbegin.o
 .text          0x0000000000000000       0x7c C:/ST/STM32CubeIDE_1.14.0/STM32CubeIDE/plugins/com.st.stm32cube.ide.mcu.externaltools.gnu-tools-for-stm32.10.3-2021.10.win32_1.1.100.202309262110/tools/bin/../lib/gcc/arm-none-eabi/10.3.1/../../../../arm-none-eabi/lib/thumb/v7e-m/nofp/crt0.o
 .data          0x0000000000000000        0x0 C:/ST/STM32CubeIDE_1.14.0/STM32CubeIDE/plugins/com.st.stm32cube.ide.mcu.externaltools.gnu-tools-for-stm32.10.3-2021.10.win32_1.1.100.202309262110/tools/bin/../lib/gcc/arm-none-eabi/10.3.1/../../../../arm-none-eabi/lib/thumb/v7e-m/nofp/crt0.o
 .bss           0x0000000000000000        0x0 C:/ST/STM32CubeIDE_1.14.0/STM32CubeIDE/plugins/com.st.stm32cube.ide.mcu.externaltools.gnu-tools-for-stm32.10.3-2021.10.win32_1.1.100.202309262110/tools/bin/../lib/gcc/arm-none-eabi/10.3.1/../../../../arm-none-eabi/lib/thumb/v7e-m/nofp/crt0.o
 .ARM.extab     0x0000000000000000        0x0 C:/ST/STM32CubeIDE_1.14.0/STM32CubeIDE/plugins/com.st.stm32cube.ide.mcu.externaltools.gnu-tools-for-stm32.10.3-2021.10.win32_1.1.100.202309262110/tools/bin/../lib/gcc/arm-none-eabi/10.3.1/../../../../arm-none-eabi/lib/thumb/v7e-m/nofp/crt0.o
 .ARM.exidx     0x0000000000000000       0x10 C:/ST/STM32CubeIDE_1.14.0/STM32CubeIDE/plugins/com.st.stm32cube.ide.mcu.externaltools.gnu-tools-for-stm32.10.3-2021.10.win32_1.1.100.202309262110/tools/bin/../lib/gcc/arm-none-eabi/10.3.1/../../../../arm-none-eabi/lib/thumb/v7e-m/nofp/crt0.o
 .debug_line    0x0000000000000000       0xb1 C:/ST/STM32CubeIDE_1.14.0/STM32CubeIDE/plugins/com.st.stm32cube.ide.mcu.externaltools.gnu-tools-for-stm32.10.3-2021.10.win32_1.1.100.202309262110/tools/bin/../lib/gcc/arm-none-eabi/10.3.1/../../../../arm-none-eabi/lib/thumb/v7e-m/nofp/crt0.o
 .debug_info    0x0000000000000000       0x26 C:/ST/STM32CubeIDE_1.14.0/STM32CubeIDE/plugins/com.st.stm32cube.ide.mcu.externaltools.gnu-tools-for-stm32.10.3-2021.10.win32_1.1.100.202309262110/tools/bin/../lib/gcc/arm-none-eabi/10.3.1/../../../../arm-none-eabi/lib/thumb/v7e-m/nofp/crt0.o
 .debug_abbrev  0x0000000000000000       0x14 C:/ST/STM32CubeIDE_1.14.0/STM32CubeIDE/plugins/com.st.stm32cube.ide.mcu.externaltools.gnu-tools-for-stm32.10.3-2021.10.win32_1.1.100.202309262110/tools/bin/../lib/gcc/arm-none-eabi/10.3.1/../../../../arm-none-eabi/lib/thumb/v7e-m/nofp/crt0.o
 .debug_aranges
                0x0000000000000000       0x20 C:/ST/STM32CubeIDE_1.14.0/STM32CubeIDE/plugins/com.st.stm32cube.ide.mcu.externaltools.gnu-tools-for-stm32.10.3-2021.10.win32_1.1.100.202309262110/tools/bin/../lib/gcc/arm-none-eabi/10.3.1/../../../../arm-none-eabi/lib/thumb/v7e-m/nofp/crt0.o
 .debug_str     0x0000000000000000       0xe7 C:/ST/STM32CubeIDE_1.14.0/STM32CubeIDE/plugins/com.st.stm32cube.ide.mcu.externaltools.gnu-tools-for-stm32.10.3-2021.10.win32_1.1.100.202309262110/tools/bin/../lib/gcc/arm-none-eabi/10.3.1/../../../../arm-none-eabi/lib/thumb/v7e-m/nofp/crt0.o
 .ARM.attributes
                0x0000000000000000       0x1c C:/ST/STM32CubeIDE_1.14.0/STM32CubeIDE/plugins/com.st.stm32cube.ide.mcu.externaltools.gnu-tools-for-stm32.10.3-2021.10.win32_1.1.100.202309262110/tools/bin/../lib/gcc/arm-none-eabi/10.3.1/../../../../arm-none-eabi/lib/thumb/v7e-m/nofp/crt0.o
 .group         0x0000000000000000        0xc ./Driver/src/stm32f303RE_SPI_driver.o
 .group         0x0000000000000000        0xc ./Driver/src/stm32f303RE_SPI_driver.o
 .group         0x0000000000000000        0xc ./Driver/src/stm32f303RE_SPI_driver.o
 .group         0x0000000000000000        0xc ./Driver/src/stm32f303RE_SPI_driver.o
 .group         0x0000000000000000        0xc ./Driver/src/stm32f303RE_SPI_driver.o
 .group         0x0000000000000000        0xc ./Driver/src/stm32f303RE_SPI_driver.o
 .group         0x0000000000000000        0xc ./Driver/src/stm32f303RE_SPI_driver.o
 .group         0x0000000000000000        0xc ./Driver/src/stm32f303RE_SPI_driver.o
 .group         0x0000000000000000        0xc ./Driver/src/stm32f303RE_SPI_driver.o
 .group         0x0000000000000000        0xc ./Driver/src/stm32f303RE_SPI_driver.o
 .text          0x0000000000000000        0x0 ./Driver/src/stm32f303RE_SPI_driver.o
 .data          0x0000000000000000        0x0 ./Driver/src/stm32f303RE_SPI_driver.o
 .bss           0x0000000000000000        0x0 ./Driver/src/stm32f303RE_SPI_driver.o
 .text.SPI_PeriClockControl
                0x0000000000000000       0xe0 ./Driver/src/stm32f303RE_SPI_driver.o
 .text.SPI_Init
                0x0000000000000000       0xa8 ./Driver/src/stm32f303RE_SPI_driver.o
 .text.SPI_DeInit
                0x0000000000000000       0xac ./Driver/src/stm32f303RE_SPI_driver.o
 .text.SPI_TransmitData
                0x0000000000000000       0x44 ./Driver/src/stm32f303RE_SPI_driver.o
 .text.SPI_ReceiveData
                0x0000000000000000       0x44 ./Driver/src/stm32f303RE_SPI_driver.o
 .text.SPI_SSOEConfig
                0x0000000000000000       0x36 ./Driver/src/stm32f303RE_SPI_driver.o
 .text.SPI_PeripheralControl
                0x0000000000000000       0x36 ./Driver/src/stm32f303RE_SPI_driver.o
 .text.SPI_GetFlagStatus
                0x0000000000000000       0x26 ./Driver/src/stm32f303RE_SPI_driver.o
 .debug_info    0x0000000000000000      0x474 ./Driver/src/stm32f303RE_SPI_driver.o
 .debug_abbrev  0x0000000000000000      0x14d ./Driver/src/stm32f303RE_SPI_driver.o
 .debug_aranges
                0x0000000000000000       0x58 ./Driver/src/stm32f303RE_SPI_driver.o
 .debug_ranges  0x0000000000000000       0x48 ./Driver/src/stm32f303RE_SPI_driver.o
 .debug_macro   0x0000000000000000       0x9a ./Driver/src/stm32f303RE_SPI_driver.o
 .debug_macro   0x0000000000000000      0xa78 ./Driver/src/stm32f303RE_SPI_driver.o
 .debug_macro   0x0000000000000000       0x22 ./Driver/src/stm32f303RE_SPI_driver.o
 .debug_macro   0x0000000000000000       0x8e ./Driver/src/stm32f303RE_SPI_driver.o
 .debug_macro   0x0000000000000000       0x51 ./Driver/src/stm32f303RE_SPI_driver.o
 .debug_macro   0x0000000000000000      0x103 ./Driver/src/stm32f303RE_SPI_driver.o
 .debug_macro   0x0000000000000000       0x6a ./Driver/src/stm32f303RE_SPI_driver.o
 .debug_macro   0x0000000000000000      0x1df ./Driver/src/stm32f303RE_SPI_driver.o
 .debug_macro   0x0000000000000000      0x35b ./Driver/src/stm32f303RE_SPI_driver.o
 .debug_macro   0x0000000000000000       0xc4 ./Driver/src/stm32f303RE_SPI_driver.o
 .debug_macro   0x0000000000000000       0x9a ./Driver/src/stm32f303RE_SPI_driver.o
 .debug_line    0x0000000000000000      0x6b3 ./Driver/src/stm32f303RE_SPI_driver.o
 .debug_str     0x0000000000000000     0x5603 ./Driver/src/stm32f303RE_SPI_driver.o
 .comment       0x0000000000000000       0x51 ./Driver/src/stm32f303RE_SPI_driver.o
 .debug_frame   0x0000000000000000      0x14c ./Driver/src/stm32f303RE_SPI_driver.o
 .ARM.attributes
                0x0000000000000000       0x2e ./Driver/src/stm32f303RE_SPI_driver.o
 .group         0x0000000000000000        0xc ./Driver/src/stm32f303RE_gpio_driver.o
 .group         0x0000000000000000        0xc ./Driver/src/stm32f303RE_gpio_driver.o
 .group         0x0000000000000000        0xc ./Driver/src/stm32f303RE_gpio_driver.o
 .group         0x0000000000000000        0xc ./Driver/src/stm32f303RE_gpio_driver.o
 .group         0x0000000000000000        0xc ./Driver/src/stm32f303RE_gpio_driver.o
 .group         0x0000000000000000        0xc ./Driver/src/stm32f303RE_gpio_driver.o
 .group         0x0000000000000000        0xc ./Driver/src/stm32f303RE_gpio_driver.o
 .group         0x0000000000000000        0xc ./Driver/src/stm32f303RE_gpio_driver.o
 .group         0x0000000000000000        0xc ./Driver/src/stm32f303RE_gpio_driver.o
 .group         0x0000000000000000        0xc ./Driver/src/stm32f303RE_gpio_driver.o
 .text          0x0000000000000000        0x0 ./Driver/src/stm32f303RE_gpio_driver.o
 .data          0x0000000000000000        0x0 ./Driver/src/stm32f303RE_gpio_driver.o
 .bss           0x0000000000000000        0x0 ./Driver/src/stm32f303RE_gpio_driver.o
 .text.GPIO_DeInit
                0x0000000000000000       0xf4 ./Driver/src/stm32f303RE_gpio_driver.o
 .text.GPIO_ReadFromInputPort
                0x0000000000000000       0x1a ./Driver/src/stm32f303RE_gpio_driver.o
 .text.GPIO_WriteToOutputPin
                0x0000000000000000       0x48 ./Driver/src/stm32f303RE_gpio_driver.o
 .text.GPIO_WriteToOutputPort
                0x0000000000000000       0x1c ./Driver/src/stm32f303RE_gpio_driver.o
 .text.GPIO_IRQInterruptConfig
                0x0000000000000000      0x100 ./Driver/src/stm32f303RE_gpio_driver.o
 .text.GPIO_IRQPriorityConfig
                0x0000000000000000       0x52 ./Driver/src/stm32f303RE_gpio_driver.o
 .text.GPIO_IRQ_Handle
                0x0000000000000000       0x40 ./Driver/src/stm32f303RE_gpio_driver.o
 .debug_macro   0x0000000000000000      0xa78 ./Driver/src/stm32f303RE_gpio_driver.o
 .debug_macro   0x0000000000000000       0x22 ./Driver/src/stm32f303RE_gpio_driver.o
 .debug_macro   0x0000000000000000       0x8e ./Driver/src/stm32f303RE_gpio_driver.o
 .debug_macro   0x0000000000000000       0x51 ./Driver/src/stm32f303RE_gpio_driver.o
 .debug_macro   0x0000000000000000      0x103 ./Driver/src/stm32f303RE_gpio_driver.o
 .debug_macro   0x0000000000000000       0x6a ./Driver/src/stm32f303RE_gpio_driver.o
 .debug_macro   0x0000000000000000      0x1df ./Driver/src/stm32f303RE_gpio_driver.o
 .debug_macro   0x0000000000000000      0x35b ./Driver/src/stm32f303RE_gpio_driver.o
 .debug_macro   0x0000000000000000       0x9a ./Driver/src/stm32f303RE_gpio_driver.o
 .debug_macro   0x0000000000000000       0xc4 ./Driver/src/stm32f303RE_gpio_driver.o
 .group         0x0000000000000000        0xc ./Src/ButtonToggle.o
 .group         0x0000000000000000        0xc ./Src/ButtonToggle.o
 .group         0x0000000000000000        0xc ./Src/ButtonToggle.o
 .group         0x0000000000000000        0xc ./Src/ButtonToggle.o
 .group         0x0000000000000000        0xc ./Src/ButtonToggle.o
 .group         0x0000000000000000        0xc ./Src/ButtonToggle.o
 .group         0x0000000000000000        0xc ./Src/ButtonToggle.o
 .group         0x0000000000000000        0xc ./Src/ButtonToggle.o
 .group         0x0000000000000000        0xc ./Src/ButtonToggle.o
 .group         0x0000000000000000        0xc ./Src/ButtonToggle.o
 .text          0x0000000000000000        0x0 ./Src/ButtonToggle.o
 .data          0x0000000000000000        0x0 ./Src/ButtonToggle.o
 .bss           0x0000000000000000        0x0 ./Src/ButtonToggle.o
 .debug_macro   0x0000000000000000      0xa78 ./Src/ButtonToggle.o
 .debug_macro   0x0000000000000000       0x22 ./Src/ButtonToggle.o
 .debug_macro   0x0000000000000000       0x8e ./Src/ButtonToggle.o
 .debug_macro   0x0000000000000000       0x51 ./Src/ButtonToggle.o
 .debug_macro   0x0000000000000000      0x103 ./Src/ButtonToggle.o
 .debug_macro   0x0000000000000000       0x6a ./Src/ButtonToggle.o
 .debug_macro   0x0000000000000000      0x1df ./Src/ButtonToggle.o
 .debug_macro   0x0000000000000000       0xc4 ./Src/ButtonToggle.o
 .group         0x0000000000000000        0xc ./Src/syscalls.o
 .group         0x0000000000000000        0xc ./Src/syscalls.o
 .group         0x0000000000000000        0xc ./Src/syscalls.o
 .group         0x0000000000000000        0xc ./Src/syscalls.o
 .group         0x0000000000000000        0xc ./Src/syscalls.o
 .group         0x0000000000000000        0xc ./Src/syscalls.o
 .group         0x0000000000000000        0xc ./Src/syscalls.o
 .group         0x0000000000000000        0xc ./Src/syscalls.o
 .group         0x0000000000000000        0xc ./Src/syscalls.o
 .group         0x0000000000000000        0xc ./Src/syscalls.o
 .group         0x0000000000000000        0xc ./Src/syscalls.o
 .group         0x0000000000000000        0xc ./Src/syscalls.o
 .group         0x0000000000000000        0xc ./Src/syscalls.o
 .group         0x0000000000000000        0xc ./Src/syscalls.o
 .group         0x0000000000000000        0xc ./Src/syscalls.o
 .group         0x0000000000000000        0xc ./Src/syscalls.o
 .group         0x0000000000000000        0xc ./Src/syscalls.o
 .group         0x0000000000000000        0xc ./Src/syscalls.o
 .group         0x0000000000000000        0xc ./Src/syscalls.o
 .group         0x0000000000000000        0xc ./Src/syscalls.o
 .group         0x0000000000000000        0xc ./Src/syscalls.o
 .group         0x0000000000000000        0xc ./Src/syscalls.o
 .group         0x0000000000000000        0xc ./Src/syscalls.o
 .group         0x0000000000000000        0xc ./Src/syscalls.o
 .group         0x0000000000000000        0xc ./Src/syscalls.o
 .group         0x0000000000000000        0xc ./Src/syscalls.o
 .group         0x0000000000000000        0xc ./Src/syscalls.o
 .group         0x0000000000000000        0xc ./Src/syscalls.o
 .group         0x0000000000000000        0xc ./Src/syscalls.o
 .group         0x0000000000000000        0xc ./Src/syscalls.o
 .group         0x0000000000000000        0xc ./Src/syscalls.o
 .group         0x0000000000000000        0xc ./Src/syscalls.o
 .group         0x0000000000000000        0xc ./Src/syscalls.o
 .group         0x0000000000000000        0xc ./Src/syscalls.o
 .group         0x0000000000000000        0xc ./Src/syscalls.o
 .group         0x0000000000000000        0xc ./Src/syscalls.o
 .group         0x0000000000000000        0xc ./Src/syscalls.o
 .group         0x0000000000000000        0xc ./Src/syscalls.o
 .group         0x0000000000000000        0xc ./Src/syscalls.o
 .group         0x0000000000000000        0xc ./Src/syscalls.o
 .group         0x0000000000000000        0xc ./Src/syscalls.o
 .group         0x0000000000000000        0xc ./Src/syscalls.o
 .group         0x0000000000000000        0xc ./Src/syscalls.o
 .group         0x0000000000000000        0xc ./Src/syscalls.o
 .group         0x0000000000000000        0xc ./Src/syscalls.o
 .group         0x0000000000000000        0xc ./Src/syscalls.o
 .group         0x0000000000000000        0xc ./Src/syscalls.o
 .text          0x0000000000000000        0x0 ./Src/syscalls.o
 .data          0x0000000000000000        0x0 ./Src/syscalls.o
 .bss           0x0000000000000000        0x0 ./Src/syscalls.o
 .bss.__env     0x0000000000000000        0x4 ./Src/syscalls.o
 .data.environ  0x0000000000000000        0x4 ./Src/syscalls.o
 .text.initialise_monitor_handles
                0x0000000000000000        0xc ./Src/syscalls.o
 .text._getpid  0x0000000000000000        0xe ./Src/syscalls.o
 .text._kill    0x0000000000000000       0x20 ./Src/syscalls.o
 .text._exit    0x0000000000000000       0x14 ./Src/syscalls.o
 .text._read    0x0000000000000000       0x3a ./Src/syscalls.o
 .text._write   0x0000000000000000       0x38 ./Src/syscalls.o
 .text._close   0x0000000000000000       0x16 ./Src/syscalls.o
 .text._fstat   0x0000000000000000       0x1e ./Src/syscalls.o
 .text._isatty  0x0000000000000000       0x14 ./Src/syscalls.o
 .text._lseek   0x0000000000000000       0x18 ./Src/syscalls.o
 .text._open    0x0000000000000000       0x1a ./Src/syscalls.o
 .text._wait    0x0000000000000000       0x1e ./Src/syscalls.o
 .text._unlink  0x0000000000000000       0x1e ./Src/syscalls.o
 .text._times   0x0000000000000000       0x16 ./Src/syscalls.o
 .text._stat    0x0000000000000000       0x1e ./Src/syscalls.o
 .text._link    0x0000000000000000       0x20 ./Src/syscalls.o
 .text._fork    0x0000000000000000       0x16 ./Src/syscalls.o
 .text._execve  0x0000000000000000       0x22 ./Src/syscalls.o
 .debug_info    0x0000000000000000      0x6e0 ./Src/syscalls.o
 .debug_abbrev  0x0000000000000000      0x1b3 ./Src/syscalls.o
 .debug_aranges
                0x0000000000000000       0xa8 ./Src/syscalls.o
 .debug_ranges  0x0000000000000000       0x98 ./Src/syscalls.o
 .debug_macro   0x0000000000000000      0x24c ./Src/syscalls.o
 .debug_macro   0x0000000000000000      0xa78 ./Src/syscalls.o
 .debug_macro   0x0000000000000000       0x22 ./Src/syscalls.o
 .debug_macro   0x0000000000000000       0x4c ./Src/syscalls.o
 .debug_macro   0x0000000000000000       0x18 ./Src/syscalls.o
 .debug_macro   0x0000000000000000       0x94 ./Src/syscalls.o
 .debug_macro   0x0000000000000000       0x3c ./Src/syscalls.o
 .debug_macro   0x0000000000000000       0x34 ./Src/syscalls.o
 .debug_macro   0x0000000000000000       0x57 ./Src/syscalls.o
 .debug_macro   0x0000000000000000      0x174 ./Src/syscalls.o
 .debug_macro   0x0000000000000000      0x341 ./Src/syscalls.o
 .debug_macro   0x0000000000000000       0x16 ./Src/syscalls.o
 .debug_macro   0x0000000000000000       0x43 ./Src/syscalls.o
 .debug_macro   0x0000000000000000       0x34 ./Src/syscalls.o
 .debug_macro   0x0000000000000000       0x10 ./Src/syscalls.o
 .debug_macro   0x0000000000000000       0x58 ./Src/syscalls.o
 .debug_macro   0x0000000000000000       0x71 ./Src/syscalls.o
 .debug_macro   0x0000000000000000       0x1c ./Src/syscalls.o
 .debug_macro   0x0000000000000000      0x12a ./Src/syscalls.o
 .debug_macro   0x0000000000000000       0x10 ./Src/syscalls.o
 .debug_macro   0x0000000000000000       0x35 ./Src/syscalls.o
 .debug_macro   0x0000000000000000       0x10 ./Src/syscalls.o
 .debug_macro   0x0000000000000000       0x10 ./Src/syscalls.o
 .debug_macro   0x0000000000000000       0x10 ./Src/syscalls.o
 .debug_macro   0x0000000000000000       0x6a ./Src/syscalls.o
 .debug_macro   0x0000000000000000       0x1c ./Src/syscalls.o
 .debug_macro   0x0000000000000000       0x52 ./Src/syscalls.o
 .debug_macro   0x0000000000000000       0x22 ./Src/syscalls.o
 .debug_macro   0x0000000000000000       0x10 ./Src/syscalls.o
 .debug_macro   0x0000000000000000       0x52 ./Src/syscalls.o
 .debug_macro   0x0000000000000000       0xd5 ./Src/syscalls.o
 .debug_macro   0x0000000000000000       0x1c ./Src/syscalls.o
 .debug_macro   0x0000000000000000       0x3d ./Src/syscalls.o
 .debug_macro   0x0000000000000000       0x35 ./Src/syscalls.o
 .debug_macro   0x0000000000000000      0x12c ./Src/syscalls.o
 .debug_macro   0x0000000000000000       0x16 ./Src/syscalls.o
 .debug_macro   0x0000000000000000       0x16 ./Src/syscalls.o
 .debug_macro   0x0000000000000000       0x29 ./Src/syscalls.o
 .debug_macro   0x0000000000000000       0x10 ./Src/syscalls.o
 .debug_macro   0x0000000000000000      0x241 ./Src/syscalls.o
 .debug_macro   0x0000000000000000       0x1c ./Src/syscalls.o
 .debug_macro   0x0000000000000000       0x10 ./Src/syscalls.o
 .debug_macro   0x0000000000000000       0x10 ./Src/syscalls.o
 .debug_macro   0x0000000000000000       0x16 ./Src/syscalls.o
 .debug_macro   0x0000000000000000      0x145 ./Src/syscalls.o
 .debug_macro   0x0000000000000000      0x189 ./Src/syscalls.o
 .debug_macro   0x0000000000000000       0x16 ./Src/syscalls.o
 .debug_macro   0x0000000000000000       0xce ./Src/syscalls.o
 .debug_line    0x0000000000000000      0x897 ./Src/syscalls.o
 .debug_str     0x0000000000000000     0x8a48 ./Src/syscalls.o
 .comment       0x0000000000000000       0x51 ./Src/syscalls.o
 .debug_frame   0x0000000000000000      0x2ac ./Src/syscalls.o
 .ARM.attributes
                0x0000000000000000       0x2e ./Src/syscalls.o
 .group         0x0000000000000000        0xc ./Src/sysmem.o
 .group         0x0000000000000000        0xc ./Src/sysmem.o
 .group         0x0000000000000000        0xc ./Src/sysmem.o
 .group         0x0000000000000000        0xc ./Src/sysmem.o
 .group         0x0000000000000000        0xc ./Src/sysmem.o
 .group         0x0000000000000000        0xc ./Src/sysmem.o
 .group         0x0000000000000000        0xc ./Src/sysmem.o
 .group         0x0000000000000000        0xc ./Src/sysmem.o
 .group         0x0000000000000000        0xc ./Src/sysmem.o
 .group         0x0000000000000000        0xc ./Src/sysmem.o
 .group         0x0000000000000000        0xc ./Src/sysmem.o
 .group         0x0000000000000000        0xc ./Src/sysmem.o
 .group         0x0000000000000000        0xc ./Src/sysmem.o
 .group         0x0000000000000000        0xc ./Src/sysmem.o
 .group         0x0000000000000000        0xc ./Src/sysmem.o
 .group         0x0000000000000000        0xc ./Src/sysmem.o
 .group         0x0000000000000000        0xc ./Src/sysmem.o
 .group         0x0000000000000000        0xc ./Src/sysmem.o
 .group         0x0000000000000000        0xc ./Src/sysmem.o
 .group         0x0000000000000000        0xc ./Src/sysmem.o
 .group         0x0000000000000000        0xc ./Src/sysmem.o
 .group         0x0000000000000000        0xc ./Src/sysmem.o
 .text          0x0000000000000000        0x0 ./Src/sysmem.o
 .data          0x0000000000000000        0x0 ./Src/sysmem.o
 .bss           0x0000000000000000        0x0 ./Src/sysmem.o
 .bss.__sbrk_heap_end
                0x0000000000000000        0x4 ./Src/sysmem.o
 .text._sbrk    0x0000000000000000       0x6c ./Src/sysmem.o
 .debug_info    0x0000000000000000      0x171 ./Src/sysmem.o
 .debug_abbrev  0x0000000000000000       0xbb ./Src/sysmem.o
 .debug_aranges
                0x0000000000000000       0x20 ./Src/sysmem.o
 .debug_ranges  0x0000000000000000       0x10 ./Src/sysmem.o
 .debug_macro   0x0000000000000000       0xff ./Src/sysmem.o
 .debug_macro   0x0000000000000000      0xa78 ./Src/sysmem.o
 .debug_macro   0x0000000000000000       0x10 ./Src/sysmem.o
 .debug_macro   0x0000000000000000       0x22 ./Src/sysmem.o
 .debug_macro   0x0000000000000000       0x4c ./Src/sysmem.o
 .debug_macro   0x0000000000000000       0x18 ./Src/sysmem.o
 .debug_macro   0x0000000000000000       0x94 ./Src/sysmem.o
 .debug_macro   0x0000000000000000       0x3c ./Src/sysmem.o
 .debug_macro   0x0000000000000000       0x34 ./Src/sysmem.o
 .debug_macro   0x0000000000000000      0x174 ./Src/sysmem.o
 .debug_macro   0x0000000000000000       0x16 ./Src/sysmem.o
 .debug_macro   0x0000000000000000       0x43 ./Src/sysmem.o
 .debug_macro   0x0000000000000000       0x57 ./Src/sysmem.o
 .debug_macro   0x0000000000000000       0x34 ./Src/sysmem.o
 .debug_macro   0x0000000000000000       0x10 ./Src/sysmem.o
 .debug_macro   0x0000000000000000       0x58 ./Src/sysmem.o
 .debug_macro   0x0000000000000000       0x71 ./Src/sysmem.o
 .debug_macro   0x0000000000000000       0x1c ./Src/sysmem.o
 .debug_macro   0x0000000000000000      0x12a ./Src/sysmem.o
 .debug_macro   0x0000000000000000      0x23b ./Src/sysmem.o
 .debug_macro   0x0000000000000000      0x103 ./Src/sysmem.o
 .debug_macro   0x0000000000000000       0x6a ./Src/sysmem.o
 .debug_macro   0x0000000000000000      0x1df ./Src/sysmem.o
 .debug_line    0x0000000000000000      0x58d ./Src/sysmem.o
 .debug_str     0x0000000000000000     0x5d84 ./Src/sysmem.o
 .comment       0x0000000000000000       0x51 ./Src/sysmem.o
 .debug_frame   0x0000000000000000       0x34 ./Src/sysmem.o
 .ARM.attributes
                0x0000000000000000       0x2e ./Src/sysmem.o
 .text          0x0000000000000000       0x14 ./Startup/startup_stm32f303retx.o
 .data          0x0000000000000000        0x0 ./Startup/startup_stm32f303retx.o
 .bss           0x0000000000000000        0x0 ./Startup/startup_stm32f303retx.o
 .text          0x0000000000000000        0x0 C:/ST/STM32CubeIDE_1.14.0/STM32CubeIDE/plugins/com.st.stm32cube.ide.mcu.externaltools.gnu-tools-for-stm32.10.3-2021.10.win32_1.1.100.202309262110/tools/bin/../lib/gcc/arm-none-eabi/10.3.1/../../../../arm-none-eabi/lib/thumb/v7e-m/nofp\libc_nano.a(lib_a-errno.o)
 .data          0x0000000000000000        0x0 C:/ST/STM32CubeIDE_1.14.0/STM32CubeIDE/plugins/com.st.stm32cube.ide.mcu.externaltools.gnu-tools-for-stm32.10.3-2021.10.win32_1.1.100.202309262110/tools/bin/../lib/gcc/arm-none-eabi/10.3.1/../../../../arm-none-eabi/lib/thumb/v7e-m/nofp\libc_nano.a(lib_a-errno.o)
 .bss           0x0000000000000000        0x0 C:/ST/STM32CubeIDE_1.14.0/STM32CubeIDE/plugins/com.st.stm32cube.ide.mcu.externaltools.gnu-tools-for-stm32.10.3-2021.10.win32_1.1.100.202309262110/tools/bin/../lib/gcc/arm-none-eabi/10.3.1/../../../../arm-none-eabi/lib/thumb/v7e-m/nofp\libc_nano.a(lib_a-errno.o)
 .text.__errno  0x0000000000000000        0xc C:/ST/STM32CubeIDE_1.14.0/STM32CubeIDE/plugins/com.st.stm32cube.ide.mcu.externaltools.gnu-tools-for-stm32.10.3-2021.10.win32_1.1.100.202309262110/tools/bin/../lib/gcc/arm-none-eabi/10.3.1/../../../../arm-none-eabi/lib/thumb/v7e-m/nofp\libc_nano.a(lib_a-errno.o)
 .debug_frame   0x0000000000000000       0x20 C:/ST/STM32CubeIDE_1.14.0/STM32CubeIDE/plugins/com.st.stm32cube.ide.mcu.externaltools.gnu-tools-for-stm32.10.3-2021.10.win32_1.1.100.202309262110/tools/bin/../lib/gcc/arm-none-eabi/10.3.1/../../../../arm-none-eabi/lib/thumb/v7e-m/nofp\libc_nano.a(lib_a-errno.o)
 .ARM.attributes
                0x0000000000000000       0x2e C:/ST/STM32CubeIDE_1.14.0/STM32CubeIDE/plugins/com.st.stm32cube.ide.mcu.externaltools.gnu-tools-for-stm32.10.3-2021.10.win32_1.1.100.202309262110/tools/bin/../lib/gcc/arm-none-eabi/10.3.1/../../../../arm-none-eabi/lib/thumb/v7e-m/nofp\libc_nano.a(lib_a-errno.o)
 .text          0x0000000000000000        0x0 C:/ST/STM32CubeIDE_1.14.0/STM32CubeIDE/plugins/com.st.stm32cube.ide.mcu.externaltools.gnu-tools-for-stm32.10.3-2021.10.win32_1.1.100.202309262110/tools/bin/../lib/gcc/arm-none-eabi/10.3.1/../../../../arm-none-eabi/lib/thumb/v7e-m/nofp\libc_nano.a(lib_a-exit.o)
 .data          0x0000000000000000        0x0 C:/ST/STM32CubeIDE_1.14.0/STM32CubeIDE/plugins/com.st.stm32cube.ide.mcu.externaltools.gnu-tools-for-stm32.10.3-2021.10.win32_1.1.100.202309262110/tools/bin/../lib/gcc/arm-none-eabi/10.3.1/../../../../arm-none-eabi/lib/thumb/v7e-m/nofp\libc_nano.a(lib_a-exit.o)
 .bss           0x0000000000000000        0x0 C:/ST/STM32CubeIDE_1.14.0/STM32CubeIDE/plugins/com.st.stm32cube.ide.mcu.externaltools.gnu-tools-for-stm32.10.3-2021.10.win32_1.1.100.202309262110/tools/bin/../lib/gcc/arm-none-eabi/10.3.1/../../../../arm-none-eabi/lib/thumb/v7e-m/nofp\libc_nano.a(lib_a-exit.o)
 .text.exit     0x0000000000000000       0x28 C:/ST/STM32CubeIDE_1.14.0/STM32CubeIDE/plugins/com.st.stm32cube.ide.mcu.externaltools.gnu-tools-for-stm32.10.3-2021.10.win32_1.1.100.202309262110/tools/bin/../lib/gcc/arm-none-eabi/10.3.1/../../../../arm-none-eabi/lib/thumb/v7e-m/nofp\libc_nano.a(lib_a-exit.o)
 .debug_frame   0x0000000000000000       0x28 C:/ST/STM32CubeIDE_1.14.0/STM32CubeIDE/plugins/com.st.stm32cube.ide.mcu.externaltools.gnu-tools-for-stm32.10.3-2021.10.win32_1.1.100.202309262110/tools/bin/../lib/gcc/arm-none-eabi/10.3.1/../../../../arm-none-eabi/lib/thumb/v7e-m/nofp\libc_nano.a(lib_a-exit.o)
 .ARM.attributes
                0x0000000000000000       0x2e C:/ST/STM32CubeIDE_1.14.0/STM32CubeIDE/plugins/com.st.stm32cube.ide.mcu.externaltools.gnu-tools-for-stm32.10.3-2021.10.win32_1.1.100.202309262110/tools/bin/../lib/gcc/arm-none-eabi/10.3.1/../../../../arm-none-eabi/lib/thumb/v7e-m/nofp\libc_nano.a(lib_a-exit.o)
 .text          0x0000000000000000        0x0 C:/ST/STM32CubeIDE_1.14.0/STM32CubeIDE/plugins/com.st.stm32cube.ide.mcu.externaltools.gnu-tools-for-stm32.10.3-2021.10.win32_1.1.100.202309262110/tools/bin/../lib/gcc/arm-none-eabi/10.3.1/../../../../arm-none-eabi/lib/thumb/v7e-m/nofp\libc_nano.a(lib_a-impure.o)
 .data          0x0000000000000000        0x0 C:/ST/STM32CubeIDE_1.14.0/STM32CubeIDE/plugins/com.st.stm32cube.ide.mcu.externaltools.gnu-tools-for-stm32.10.3-2021.10.win32_1.1.100.202309262110/tools/bin/../lib/gcc/arm-none-eabi/10.3.1/../../../../arm-none-eabi/lib/thumb/v7e-m/nofp\libc_nano.a(lib_a-impure.o)
 .bss           0x0000000000000000        0x0 C:/ST/STM32CubeIDE_1.14.0/STM32CubeIDE/plugins/com.st.stm32cube.ide.mcu.externaltools.gnu-tools-for-stm32.10.3-2021.10.win32_1.1.100.202309262110/tools/bin/../lib/gcc/arm-none-eabi/10.3.1/../../../../arm-none-eabi/lib/thumb/v7e-m/nofp\libc_nano.a(lib_a-impure.o)
 .data._impure_ptr
                0x0000000000000000        0x4 C:/ST/STM32CubeIDE_1.14.0/STM32CubeIDE/plugins/com.st.stm32cube.ide.mcu.externaltools.gnu-tools-for-stm32.10.3-2021.10.win32_1.1.100.202309262110/tools/bin/../lib/gcc/arm-none-eabi/10.3.1/../../../../arm-none-eabi/lib/thumb/v7e-m/nofp\libc_nano.a(lib_a-impure.o)
 .data.impure_data
                0x0000000000000000       0x60 C:/ST/STM32CubeIDE_1.14.0/STM32CubeIDE/plugins/com.st.stm32cube.ide.mcu.externaltools.gnu-tools-for-stm32.10.3-2021.10.win32_1.1.100.202309262110/tools/bin/../lib/gcc/arm-none-eabi/10.3.1/../../../../arm-none-eabi/lib/thumb/v7e-m/nofp\libc_nano.a(lib_a-impure.o)
 .rodata._global_impure_ptr
                0x0000000000000000        0x4 C:/ST/STM32CubeIDE_1.14.0/STM32CubeIDE/plugins/com.st.stm32cube.ide.mcu.externaltools.gnu-tools-for-stm32.10.3-2021.10.win32_1.1.100.202309262110/tools/bin/../lib/gcc/arm-none-eabi/10.3.1/../../../../arm-none-eabi/lib/thumb/v7e-m/nofp\libc_nano.a(lib_a-impure.o)
 .ARM.attributes
                0x0000000000000000       0x2e C:/ST/STM32CubeIDE_1.14.0/STM32CubeIDE/plugins/com.st.stm32cube.ide.mcu.externaltools.gnu-tools-for-stm32.10.3-2021.10.win32_1.1.100.202309262110/tools/bin/../lib/gcc/arm-none-eabi/10.3.1/../../../../arm-none-eabi/lib/thumb/v7e-m/nofp\libc_nano.a(lib_a-impure.o)
 .text          0x0000000000000000        0x0 C:/ST/STM32CubeIDE_1.14.0/STM32CubeIDE/plugins/com.st.stm32cube.ide.mcu.externaltools.gnu-tools-for-stm32.10.3-2021.10.win32_1.1.100.202309262110/tools/bin/../lib/gcc/arm-none-eabi/10.3.1/../../../../arm-none-eabi/lib/thumb/v7e-m/nofp\libc_nano.a(lib_a-init.o)
 .data          0x0000000000000000        0x0 C:/ST/STM32CubeIDE_1.14.0/STM32CubeIDE/plugins/com.st.stm32cube.ide.mcu.externaltools.gnu-tools-for-stm32.10.3-2021.10.win32_1.1.100.202309262110/tools/bin/../lib/gcc/arm-none-eabi/10.3.1/../../../../arm-none-eabi/lib/thumb/v7e-m/nofp\libc_nano.a(lib_a-init.o)
 .bss           0x0000000000000000        0x0 C:/ST/STM32CubeIDE_1.14.0/STM32CubeIDE/plugins/com.st.stm32cube.ide.mcu.externaltools.gnu-tools-for-stm32.10.3-2021.10.win32_1.1.100.202309262110/tools/bin/../lib/gcc/arm-none-eabi/10.3.1/../../../../arm-none-eabi/lib/thumb/v7e-m/nofp\libc_nano.a(lib_a-init.o)
 .text          0x0000000000000000        0x0 C:/ST/STM32CubeIDE_1.14.0/STM32CubeIDE/plugins/com.st.stm32cube.ide.mcu.externaltools.gnu-tools-for-stm32.10.3-2021.10.win32_1.1.100.202309262110/tools/bin/../lib/gcc/arm-none-eabi/10.3.1/../../../../arm-none-eabi/lib/thumb/v7e-m/nofp\libc_nano.a(lib_a-memset.o)
 .data          0x0000000000000000        0x0 C:/ST/STM32CubeIDE_1.14.0/STM32CubeIDE/plugins/com.st.stm32cube.ide.mcu.externaltools.gnu-tools-for-stm32.10.3-2021.10.win32_1.1.100.202309262110/tools/bin/../lib/gcc/arm-none-eabi/10.3.1/../../../../arm-none-eabi/lib/thumb/v7e-m/nofp\libc_nano.a(lib_a-memset.o)
 .bss           0x0000000000000000        0x0 C:/ST/STM32CubeIDE_1.14.0/STM32CubeIDE/plugins/com.st.stm32cube.ide.mcu.externaltools.gnu-tools-for-stm32.10.3-2021.10.win32_1.1.100.202309262110/tools/bin/../lib/gcc/arm-none-eabi/10.3.1/../../../../arm-none-eabi/lib/thumb/v7e-m/nofp\libc_nano.a(lib_a-memset.o)
 .text.memset   0x0000000000000000       0x10 C:/ST/STM32CubeIDE_1.14.0/STM32CubeIDE/plugins/com.st.stm32cube.ide.mcu.externaltools.gnu-tools-for-stm32.10.3-2021.10.win32_1.1.100.202309262110/tools/bin/../lib/gcc/arm-none-eabi/10.3.1/../../../../arm-none-eabi/lib/thumb/v7e-m/nofp\libc_nano.a(lib_a-memset.o)
 .debug_frame   0x0000000000000000       0x20 C:/ST/STM32CubeIDE_1.14.0/STM32CubeIDE/plugins/com.st.stm32cube.ide.mcu.externaltools.gnu-tools-for-stm32.10.3-2021.10.win32_1.1.100.202309262110/tools/bin/../lib/gcc/arm-none-eabi/10.3.1/../../../../arm-none-eabi/lib/thumb/v7e-m/nofp\libc_nano.a(lib_a-memset.o)
 .ARM.attributes
                0x0000000000000000       0x2e C:/ST/STM32CubeIDE_1.14.0/STM32CubeIDE/plugins/com.st.stm32cube.ide.mcu.externaltools.gnu-tools-for-stm32.10.3-2021.10.win32_1.1.100.202309262110/tools/bin/../lib/gcc/arm-none-eabi/10.3.1/../../../../arm-none-eabi/lib/thumb/v7e-m/nofp\libc_nano.a(lib_a-memset.o)
 .text          0x0000000000000000        0x0 C:/ST/STM32CubeIDE_1.14.0/STM32CubeIDE/plugins/com.st.stm32cube.ide.mcu.externaltools.gnu-tools-for-stm32.10.3-2021.10.win32_1.1.100.202309262110/tools/bin/../lib/gcc/arm-none-eabi/10.3.1/thumb/v7e-m/nofp/crtend.o
 .data          0x0000000000000000        0x0 C:/ST/STM32CubeIDE_1.14.0/STM32CubeIDE/plugins/com.st.stm32cube.ide.mcu.externaltools.gnu-tools-for-stm32.10.3-2021.10.win32_1.1.100.202309262110/tools/bin/../lib/gcc/arm-none-eabi/10.3.1/thumb/v7e-m/nofp/crtend.o
 .bss           0x0000000000000000        0x0 C:/ST/STM32CubeIDE_1.14.0/STM32CubeIDE/plugins/com.st.stm32cube.ide.mcu.externaltools.gnu-tools-for-stm32.10.3-2021.10.win32_1.1.100.202309262110/tools/bin/../lib/gcc/arm-none-eabi/10.3.1/thumb/v7e-m/nofp/crtend.o
 .rodata        0x0000000000000000       0x24 C:/ST/STM32CubeIDE_1.14.0/STM32CubeIDE/plugins/com.st.stm32cube.ide.mcu.externaltools.gnu-tools-for-stm32.10.3-2021.10.win32_1.1.100.202309262110/tools/bin/../lib/gcc/arm-none-eabi/10.3.1/thumb/v7e-m/nofp/crtend.o
 .eh_frame      0x0000000000000000        0x4 C:/ST/STM32CubeIDE_1.14.0/STM32CubeIDE/plugins/com.st.stm32cube.ide.mcu.externaltools.gnu-tools-for-stm32.10.3-2021.10.win32_1.1.100.202309262110/tools/bin/../lib/gcc/arm-none-eabi/10.3.1/thumb/v7e-m/nofp/crtend.o
 .comment       0x0000000000000000       0x51 C:/ST/STM32CubeIDE_1.14.0/STM32CubeIDE/plugins/com.st.stm32cube.ide.mcu.externaltools.gnu-tools-for-stm32.10.3-2021.10.win32_1.1.100.202309262110/tools/bin/../lib/gcc/arm-none-eabi/10.3.1/thumb/v7e-m/nofp/crtend.o
 .ARM.attributes
                0x0000000000000000       0x2e C:/ST/STM32CubeIDE_1.14.0/STM32CubeIDE/plugins/com.st.stm32cube.ide.mcu.externaltools.gnu-tools-for-stm32.10.3-2021.10.win32_1.1.100.202309262110/tools/bin/../lib/gcc/arm-none-eabi/10.3.1/thumb/v7e-m/nofp/crtend.o
 .text          0x0000000000000000        0x0 C:/ST/STM32CubeIDE_1.14.0/STM32CubeIDE/plugins/com.st.stm32cube.ide.mcu.externaltools.gnu-tools-for-stm32.10.3-2021.10.win32_1.1.100.202309262110/tools/bin/../lib/gcc/arm-none-eabi/10.3.1/thumb/v7e-m/nofp/crtn.o
 .data          0x0000000000000000        0x0 C:/ST/STM32CubeIDE_1.14.0/STM32CubeIDE/plugins/com.st.stm32cube.ide.mcu.externaltools.gnu-tools-for-stm32.10.3-2021.10.win32_1.1.100.202309262110/tools/bin/../lib/gcc/arm-none-eabi/10.3.1/thumb/v7e-m/nofp/crtn.o
 .bss           0x0000000000000000        0x0 C:/ST/STM32CubeIDE_1.14.0/STM32CubeIDE/plugins/com.st.stm32cube.ide.mcu.externaltools.gnu-tools-for-stm32.10.3-2021.10.win32_1.1.100.202309262110/tools/bin/../lib/gcc/arm-none-eabi/10.3.1/thumb/v7e-m/nofp/crtn.o

Memory Configuration

Name             Origin             Length             Attributes
CCMRAM           0x0000000010000000 0x0000000000004000 xrw
RAM              0x0000000020000000 0x0000000000010000 xrw
FLASH            0x0000000008000000 0x0000000000080000 xr
*default*        0x0000000000000000 0xffffffffffffffff

Linker script and memory map

LOAD C:/ST/STM32CubeIDE_1.14.0/STM32CubeIDE/plugins/com.st.stm32cube.ide.mcu.externaltools.gnu-tools-for-stm32.10.3-2021.10.win32_1.1.100.202309262110/tools/bin/../lib/gcc/arm-none-eabi/10.3.1/thumb/v7e-m/nofp/crti.o
LOAD C:/ST/STM32CubeIDE_1.14.0/STM32CubeIDE/plugins/com.st.stm32cube.ide.mcu.externaltools.gnu-tools-for-stm32.10.3-2021.10.win32_1.1.100.202309262110/tools/bin/../lib/gcc/arm-none-eabi/10.3.1/thumb/v7e-m/nofp/crtbegin.o
LOAD C:/ST/STM32CubeIDE_1.14.0/STM32CubeIDE/plugins/com.st.stm32cube.ide.mcu.externaltools.gnu-tools-for-stm32.10.3-2021.10.win32_1.1.100.202309262110/tools/bin/../lib/gcc/arm-none-eabi/10.3.1/../../../../arm-none-eabi/lib/thumb/v7e-m/nofp/crt0.o
LOAD ./Driver/src/stm32f303RE_SPI_driver.o
LOAD ./Driver/src/stm32f303RE_gpio_driver.o
LOAD ./Src/ButtonToggle.o
LOAD ./Src/syscalls.o
LOAD ./Src/sysmem.o
LOAD ./Startup/startup_stm32f303retx.o
START GROUP
LOAD C:/ST/STM32CubeIDE_1.14.0/STM32CubeIDE/plugins/com.st.stm32cube.ide.mcu.externaltools.gnu-tools-for-stm32.10.3-2021.10.win32_1.1.100.202309262110/tools/bin/../lib/gcc/arm-none-eabi/10.3.1/../../../../arm-none-eabi/lib/thumb/v7e-m/nofp\libc_nano.a
LOAD C:/ST/STM32CubeIDE_1.14.0/STM32CubeIDE/plugins/com.st.stm32cube.ide.mcu.externaltools.gnu-tools-for-stm32.10.3-2021.10.win32_1.1.100.202309262110/tools/bin/../lib/gcc/arm-none-eabi/10.3.1/../../../../arm-none-eabi/lib/thumb/v7e-m/nofp\libm.a
END GROUP
START GROUP
LOAD C:/ST/STM32CubeIDE_1.14.0/STM32CubeIDE/plugins/com.st.stm32cube.ide.mcu.externaltools.gnu-tools-for-stm32.10.3-2021.10.win32_1.1.100.202309262110/tools/bin/../lib/gcc/arm-none-eabi/10.3.1/thumb/v7e-m/nofp\libgcc.a
LOAD C:/ST/STM32CubeIDE_1.14.0/STM32CubeIDE/plugins/com.st.stm32cube.ide.mcu.externaltools.gnu-tools-for-stm32.10.3-2021.10.win32_1.1.100.202309262110/tools/bin/../lib/gcc/arm-none-eabi/10.3.1/../../../../arm-none-eabi/lib/thumb/v7e-m/nofp\libc_nano.a
END GROUP
START GROUP
LOAD C:/ST/STM32CubeIDE_1.14.0/STM32CubeIDE/plugins/com.st.stm32cube.ide.mcu.externaltools.gnu-tools-for-stm32.10.3-2021.10.win32_1.1.100.202309262110/tools/bin/../lib/gcc/arm-none-eabi/10.3.1/thumb/v7e-m/nofp\libgcc.a
LOAD C:/ST/STM32CubeIDE_1.14.0/STM32CubeIDE/plugins/com.st.stm32cube.ide.mcu.externaltools.gnu-tools-for-stm32.10.3-2021.10.win32_1.1.100.202309262110/tools/bin/../lib/gcc/arm-none-eabi/10.3.1/../../../../arm-none-eabi/lib/thumb/v7e-m/nofp\libc_nano.a
LOAD C:/ST/STM32CubeIDE_1.14.0/STM32CubeIDE/plugins/com.st.stm32cube.ide.mcu.externaltools.gnu-tools-for-stm32.10.3-2021.10.win32_1.1.100.202309262110/tools/bin/../lib/gcc/arm-none-eabi/10.3.1/../../../../arm-none-eabi/lib/thumb/v7e-m/nofp\libnosys.a
END GROUP
START GROUP
LOAD C:/ST/STM32CubeIDE_1.14.0/STM32CubeIDE/plugins/com.st.stm32cube.ide.mcu.externaltools.gnu-tools-for-stm32.10.3-2021.10.win32_1.1.100.202309262110/tools/bin/../lib/gcc/arm-none-eabi/10.3.1/thumb/v7e-m/nofp\libgcc.a
LOAD C:/ST/STM32CubeIDE_1.14.0/STM32CubeIDE/plugins/com.st.stm32cube.ide.mcu.externaltools.gnu-tools-for-stm32.10.3-2021.10.win32_1.1.100.202309262110/tools/bin/../lib/gcc/arm-none-eabi/10.3.1/../../../../arm-none-eabi/lib/thumb/v7e-m/nofp\libc_nano.a
LOAD C:/ST/STM32CubeIDE_1.14.0/STM32CubeIDE/plugins/com.st.stm32cube.ide.mcu.externaltools.gnu-tools-for-stm32.10.3-2021.10.win32_1.1.100.202309262110/tools/bin/../lib/gcc/arm-none-eabi/10.3.1/../../../../arm-none-eabi/lib/thumb/v7e-m/nofp\libnosys.a
END GROUP
LOAD C:/ST/STM32CubeIDE_1.14.0/STM32CubeIDE/plugins/com.st.stm32cube.ide.mcu.externaltools.gnu-tools-for-stm32.10.3-2021.10.win32_1.1.100.202309262110/tools/bin/../lib/gcc/arm-none-eabi/10.3.1/thumb/v7e-m/nofp/crtend.o
LOAD C:/ST/STM32CubeIDE_1.14.0/STM32CubeIDE/plugins/com.st.stm32cube.ide.mcu.externaltools.gnu-tools-for-stm32.10.3-2021.10.win32_1.1.100.202309262110/tools/bin/../lib/gcc/arm-none-eabi/10.3.1/thumb/v7e-m/nofp/crtn.o
                0x0000000020010000                _estack = (ORIGIN (RAM) + LENGTH (RAM))
                0x0000000000000200                _Min_Heap_Size = 0x200
                0x0000000000000400                _Min_Stack_Size = 0x400

.isr_vector     0x0000000008000000      0x194
                0x0000000008000000                . = ALIGN (0x4)
 *(.isr_vector)
 .isr_vector    0x0000000008000000      0x194 ./Startup/startup_stm32f303retx.o
                0x0000000008000000                g_pfnVectors
                0x0000000008000194                . = ALIGN (0x4)

.text           0x0000000008000194      0x634
                0x0000000008000194                . = ALIGN (0x4)
 *(.text)
 .text          0x0000000008000194       0x40 C:/ST/STM32CubeIDE_1.14.0/STM32CubeIDE/plugins/com.st.stm32cube.ide.mcu.externaltools.gnu-tools-for-stm32.10.3-2021.10.win32_1.1.100.202309262110/tools/bin/../lib/gcc/arm-none-eabi/10.3.1/thumb/v7e-m/nofp/crtbegin.o
 *(.text*)
 .text.GPIO_PeriClockControl
                0x00000000080001d4      0x13c ./Driver/src/stm32f303RE_gpio_driver.o
                0x00000000080001d4                GPIO_PeriClockControl
 .text.GPIO_Init
                0x0000000008000310      0x30c ./Driver/src/stm32f303RE_gpio_driver.o
                0x0000000008000310                GPIO_Init
 .text.GPIO_ReadFromInputPin
                0x000000000800061c       0x2a ./Driver/src/stm32f303RE_gpio_driver.o
                0x000000000800061c                GPIO_ReadFromInputPin
 .text.GPIO_ToggleOutputPin
                0x0000000008000646       0x28 ./Driver/src/stm32f303RE_gpio_driver.o
                0x0000000008000646                GPIO_ToggleOutputPin
 *fill*         0x000000000800066e        0x2 
 .text.delay    0x0000000008000670       0x2c ./Src/ButtonToggle.o
                0x0000000008000670                delay
 .text.main     0x000000000800069c       0x78 ./Src/ButtonToggle.o
                0x000000000800069c                main
 .text.Reset_Handler
                0x0000000008000714       0x50 ./Startup/startup_stm32f303retx.o
                0x0000000008000714                Reset_Handler
 .text.Default_Handler
                0x0000000008000764        0x2 ./Startup/startup_stm32f303retx.o
                0x0000000008000764                TIM8_TRG_COM_IRQHandler
                0x0000000008000764                TIM8_CC_IRQHandler
                0x0000000008000764                DebugMon_Handler
                0x0000000008000764                DMA1_CH4_IRQHandler
                0x0000000008000764                SPI4_IRQHandler
                0x0000000008000764                TIM1_CC_IRQHandler
                0x0000000008000764                HardFault_Handler
                0x0000000008000764                USB_HP_IRQHandler
                0x0000000008000764                I2C2_EV_EXTI24_IRQHandler
                0x0000000008000764                SysTick_Handler
                0x0000000008000764                USB_WKUP_EXTI_IRQHandler
                0x0000000008000764                PVD_IRQHandler
                0x0000000008000764                UART4_EXTI34_IRQHandler
                0x0000000008000764                TAMP_STAMP_IRQHandler
                0x0000000008000764                PendSV_Handler
                0x0000000008000764                NMI_Handler
                0x0000000008000764                EXTI3_IRQHandler
                0x0000000008000764                I2C3_ER_IRQHandler
                0x0000000008000764                TIM6_DACUNDER_IRQHandler
                0x0000000008000764                USB_HP_CAN_TX_IRQHandler
                0x0000000008000764                EXTI0_IRQHandler
                0x0000000008000764                DMA2_CH1_IRQHandler
                0x0000000008000764                TIM1_UP_TIM16_IRQHandler
                0x0000000008000764                UsageFault_Handler
                0x0000000008000764                ADC1_2_IRQHandler
                0x0000000008000764                SPI1_IRQHandler
                0x0000000008000764                CAN_SCE_IRQHandler
                0x0000000008000764                DMA1_CH7_IRQHandler
                0x0000000008000764                TIM8_UP_IRQHandler
                0x0000000008000764                COMP456_IRQHandler
                0x0000000008000764                DMA1_CH6_IRQHandler
                0x0000000008000764                TIM20_TRG_COM_IRQHandler
                0x0000000008000764                ADC3_IRQHandler
                0x0000000008000764                TIM4_IRQHandler
                0x0000000008000764                CAN_RX1_IRQHandler
                0x0000000008000764                USART1_EXTI25_IRQHandler
                0x0000000008000764                DMA2_CH5_IRQHandler
                0x0000000008000764                I2C1_EV_EXTI23_IRQHandler
                0x0000000008000764                DMA1_CH3_IRQHandler
                0x0000000008000764                TIM3_IRQHandler
                0x0000000008000764                RCC_IRQHandler
                0x0000000008000764                TIM20_UP_IRQHandler
                0x0000000008000764                Default_Handler
                0x0000000008000764                EXTI15_10_IRQHandler
                0x0000000008000764                USART2_EXTI26_IRQHandler
                0x0000000008000764                USART3_EXTI28_IRQHandler
                0x0000000008000764                TIM7_IRQHandler
                0x0000000008000764                I2C3_EV_IRQHandler
                0x0000000008000764                EXTI9_5_IRQHandler
                0x0000000008000764                DMA1_CH2_IRQHandler
                0x0000000008000764                RTC_WKUP_IRQHandler
                0x0000000008000764                SPI2_IRQHandler
                0x0000000008000764                DMA1_CH1_IRQHandler
                0x0000000008000764                USB_LP_CAN_RX0_IRQHandler
                0x0000000008000764                MemManage_Handler
                0x0000000008000764                COMP123_IRQHandler
                0x0000000008000764                SVC_Handler
                0x0000000008000764                USB_LP_IRQHandler
                0x0000000008000764                EXTI4_IRQHandler
                0x0000000008000764                TIM1_TRG_COM_TIM17_IRQHandler
                0x0000000008000764                ADC4_IRQHandler
                0x0000000008000764                WWDG_IRQHandler
                0x0000000008000764                TIM2_IRQHandler
                0x0000000008000764                COMP7_IRQHandler
                0x0000000008000764                EXTI1_IRQHandler
                0x0000000008000764                RTCAlarm_IRQHandler
                0x0000000008000764                UART5_EXTI35_IRQHandler
                0x0000000008000764                TIM20_BRK_IRQHandler
                0x0000000008000764                I2C2_ER_IRQHandler
                0x0000000008000764                TIM8_BRK_IRQHandler
                0x0000000008000764                FLASH_IRQHandler
                0x0000000008000764                TIM20_CC_IRQHandler
                0x0000000008000764                BusFault_Handler
                0x0000000008000764                SPI3_IRQHandler
                0x0000000008000764                DMA2_CH3_IRQHandler
                0x0000000008000764                DMA2_CH2_IRQHandler
                0x0000000008000764                I2C1_ER_IRQHandler
                0x0000000008000764                FMC_IRQHandler
                0x0000000008000764                DMA1_CH5_IRQHandler
                0x0000000008000764                DMA2_CH4_IRQHandler
                0x0000000008000764                USB_WKUP_IRQHandler
                0x0000000008000764                EXTI2_TSC_IRQHandler
                0x0000000008000764                TIM1_BRK_TIM15_IRQHandler
 *fill*         0x0000000008000766        0x2 
 .text.__libc_init_array
                0x0000000008000768       0x48 C:/ST/STM32CubeIDE_1.14.0/STM32CubeIDE/plugins/com.st.stm32cube.ide.mcu.externaltools.gnu-tools-for-stm32.10.3-2021.10.win32_1.1.100.202309262110/tools/bin/../lib/gcc/arm-none-eabi/10.3.1/../../../../arm-none-eabi/lib/thumb/v7e-m/nofp\libc_nano.a(lib_a-init.o)
                0x0000000008000768                __libc_init_array
 *(.glue_7)
 .glue_7        0x00000000080007b0        0x0 linker stubs
 *(.glue_7t)
 .glue_7t       0x00000000080007b0        0x0 linker stubs
 *(.eh_frame)
 .eh_frame      0x00000000080007b0        0x0 C:/ST/STM32CubeIDE_1.14.0/STM32CubeIDE/plugins/com.st.stm32cube.ide.mcu.externaltools.gnu-tools-for-stm32.10.3-2021.10.win32_1.1.100.202309262110/tools/bin/../lib/gcc/arm-none-eabi/10.3.1/thumb/v7e-m/nofp/crtbegin.o
 *(.init)
 .init          0x00000000080007b0        0x4 C:/ST/STM32CubeIDE_1.14.0/STM32CubeIDE/plugins/com.st.stm32cube.ide.mcu.externaltools.gnu-tools-for-stm32.10.3-2021.10.win32_1.1.100.202309262110/tools/bin/../lib/gcc/arm-none-eabi/10.3.1/thumb/v7e-m/nofp/crti.o
                0x00000000080007b0                _init
 .init          0x00000000080007b4        0x8 C:/ST/STM32CubeIDE_1.14.0/STM32CubeIDE/plugins/com.st.stm32cube.ide.mcu.externaltools.gnu-tools-for-stm32.10.3-2021.10.win32_1.1.100.202309262110/tools/bin/../lib/gcc/arm-none-eabi/10.3.1/thumb/v7e-m/nofp/crtn.o
 *(.fini)
 .fini          0x00000000080007bc        0x4 C:/ST/STM32CubeIDE_1.14.0/STM32CubeIDE/plugins/com.st.stm32cube.ide.mcu.externaltools.gnu-tools-for-stm32.10.3-2021.10.win32_1.1.100.202309262110/tools/bin/../lib/gcc/arm-none-eabi/10.3.1/thumb/v7e-m/nofp/crti.o
                0x00000000080007bc                _fini
 .fini          0x00000000080007c0        0x8 C:/ST/STM32CubeIDE_1.14.0/STM32CubeIDE/plugins/com.st.stm32cube.ide.mcu.externaltools.gnu-tools-for-stm32.10.3-2021.10.win32_1.1.100.202309262110/tools/bin/../lib/gcc/arm-none-eabi/10.3.1/thumb/v7e-m/nofp/crtn.o
                0x00000000080007c8                . = ALIGN (0x4)
                0x00000000080007c8                _etext = .

.vfp11_veneer   0x00000000080007c8        0x0
 .vfp11_veneer  0x00000000080007c8        0x0 linker stubs

.v4_bx          0x00000000080007c8        0x0
 .v4_bx         0x00000000080007c8        0x0 linker stubs

.iplt           0x00000000080007c8        0x0
 .iplt          0x00000000080007c8        0x0 C:/ST/STM32CubeIDE_1.14.0/STM32CubeIDE/plugins/com.st.stm32cube.ide.mcu.externaltools.gnu-tools-for-stm32.10.3-2021.10.win32_1.1.100.202309262110/tools/bin/../lib/gcc/arm-none-eabi/10.3.1/thumb/v7e-m/nofp/crtbegin.o

.rel.dyn        0x00000000080007c8        0x0
 .rel.iplt      0x00000000080007c8        0x0 C:/ST/STM32CubeIDE_1.14.0/STM32CubeIDE/plugins/com.st.stm32cube.ide.mcu.externaltools.gnu-tools-for-stm32.10.3-2021.10.win32_1.1.100.202309262110/tools/bin/../lib/gcc/arm-none-eabi/10.3.1/thumb/v7e-m/nofp/crtbegin.o

.rodata         0x00000000080007c8        0x0
                0x00000000080007c8                . = ALIGN (0x4)
 *(.rodata)
 *(.rodata*)
                0x00000000080007c8                . = ALIGN (0x4)

.ARM.extab      0x00000000080007c8        0x0
                0x00000000080007c8                . = ALIGN (0x4)
 *(.ARM.extab* .gnu.linkonce.armextab.*)
                0x00000000080007c8                . = ALIGN (0x4)

.ARM            0x00000000080007c8        0x0
                0x00000000080007c8                . = ALIGN (0x4)
                0x00000000080007c8                __exidx_start = .
 *(.ARM.exidx*)
                0x00000000080007c8                __exidx_end = .
                0x00000000080007c8                . = ALIGN (0x4)

.preinit_array  0x00000000080007c8        0x0
                0x00000000080007c8                . = ALIGN (0x4)
                0x00000000080007c8                PROVIDE (__preinit_array_start = .)
 *(.preinit_array*)
                0x00000000080007c8                PROVIDE (__preinit_array_end = .)
                0x00000000080007c8                . = ALIGN (0x4)

.init_array     0x00000000080007c8        0x4
                0x00000000080007c8                . = ALIGN (0x4)
                0x00000000080007c8                PROVIDE (__init_array_start = .)
 *(SORT_BY_NAME(.init_array.*))
 *(.init_array*)
 .init_array    0x00000000080007c8        0x4 C:/ST/STM32CubeIDE_1.14.0/STM32CubeIDE/plugins/com.st.stm32cube.ide.mcu.externaltools.gnu-tools-for-stm32.10.3-2021.10.win32_1.1.100.202309262110/tools/bin/../lib/gcc/arm-none-eabi/10.3.1/thumb/v7e-m/nofp/crtbegin.o
                0x00000000080007cc                PROVIDE (__init_array_end = .)
                0x00000000080007cc                . = ALIGN (0x4)

.fini_array     0x00000000080007cc        0x4
                0x00000000080007cc                . = ALIGN (0x4)
                [!provide]                        PROVIDE (__fini_array_start = .)
 *(SORT_BY_NAME(.fini_array.*))
 *(.fini_array*)
 .fini_array    0x00000000080007cc        0x4 C:/ST/STM32CubeIDE_1.14.0/STM32CubeIDE/plugins/com.st.stm32cube.ide.mcu.externaltools.gnu-tools-for-stm32.10.3-2021.10.win32_1.1.100.202309262110/tools/bin/../lib/gcc/arm-none-eabi/10.3.1/thumb/v7e-m/nofp/crtbegin.o
                [!provide]                        PROVIDE (__fini_array_end = .)
                0x00000000080007d0                . = ALIGN (0x4)
                0x00000000080007d0                _sidata = LOADADDR (.data)

.data           0x0000000020000000        0x0 load address 0x00000000080007d0
                0x0000000020000000                . = ALIGN (0x4)
                0x0000000020000000                _sdata = .
 *(.data)
 *(.data*)
 *(.RamFunc)
 *(.RamFunc*)
                0x0000000020000000                . = ALIGN (0x4)
                0x0000000020000000                _edata = .
                0x00000000080007d0                _siccmram = LOADADDR (.ccmram)

.igot.plt       0x0000000020000000        0x0 load address 0x00000000080007d0
 .igot.plt      0x0000000020000000        0x0 C:/ST/STM32CubeIDE_1.14.0/STM32CubeIDE/plugins/com.st.stm32cube.ide.mcu.externaltools.gnu-tools-for-stm32.10.3-2021.10.win32_1.1.100.202309262110/tools/bin/../lib/gcc/arm-none-eabi/10.3.1/thumb/v7e-m/nofp/crtbegin.o

.ccmram         0x0000000010000000        0x0 load address 0x00000000080007d0
                0x0000000010000000                . = ALIGN (0x4)
                0x0000000010000000                _sccmram = .
 *(.ccmram)
 *(.ccmram*)
                0x0000000010000000                . = ALIGN (0x4)
                0x0000000010000000                _eccmram = .
                0x0000000010000000                . = ALIGN (0x4)

.bss            0x0000000020000000       0x1c
                0x0000000020000000                _sbss = .
                0x0000000020000000                __bss_start__ = _sbss
 *(.bss)
 .bss           0x0000000020000000       0x1c C:/ST/STM32CubeIDE_1.14.0/STM32CubeIDE/plugins/com.st.stm32cube.ide.mcu.externaltools.gnu-tools-for-stm32.10.3-2021.10.win32_1.1.100.202309262110/tools/bin/../lib/gcc/arm-none-eabi/10.3.1/thumb/v7e-m/nofp/crtbegin.o
 *(.bss*)
 *(COMMON)
                0x000000002000001c                . = ALIGN (0x4)
                0x000000002000001c                _ebss = .
                0x000000002000001c                __bss_end__ = _ebss

._user_heap_stack
                0x000000002000001c      0x604
                0x0000000020000020                . = ALIGN (0x8)
 *fill*         0x000000002000001c        0x4 
                [!provide]                        PROVIDE (end = .)
                0x0000000020000020                PROVIDE (_end = .)
                0x0000000020000220                . = (. + _Min_Heap_Size)
 *fill*         0x0000000020000020      0x200 
                0x0000000020000620                . = (. + _Min_Stack_Size)
 *fill*         0x0000000020000220      0x400 
                0x0000000020000620                . = ALIGN (0x8)

/DISCARD/
 libc.a(*)
 libm.a(*)
 libgcc.a(*)

.ARM.attributes
                0x0000000000000000       0x2a
 *(.ARM.attributes)
 .ARM.attributes
                0x0000000000000000       0x1e C:/ST/STM32CubeIDE_1.14.0/STM32CubeIDE/plugins/com.st.stm32cube.ide.mcu.externaltools.gnu-tools-for-stm32.10.3-2021.10.win32_1.1.100.202309262110/tools/bin/../lib/gcc/arm-none-eabi/10.3.1/thumb/v7e-m/nofp/crti.o
 .ARM.attributes
                0x000000000000001e       0x2e C:/ST/STM32CubeIDE_1.14.0/STM32CubeIDE/plugins/com.st.stm32cube.ide.mcu.externaltools.gnu-tools-for-stm32.10.3-2021.10.win32_1.1.100.202309262110/tools/bin/../lib/gcc/arm-none-eabi/10.3.1/thumb/v7e-m/nofp/crtbegin.o
 .ARM.attributes
                0x000000000000004c       0x2e ./Driver/src/stm32f303RE_gpio_driver.o
 .ARM.attributes
                0x000000000000007a       0x2e ./Src/ButtonToggle.o
 .ARM.attributes
                0x00000000000000a8       0x21 ./Startup/startup_stm32f303retx.o
 .ARM.attributes
                0x00000000000000c9       0x2e C:/ST/STM32CubeIDE_1.14.0/STM32CubeIDE/plugins/com.st.stm32cube.ide.mcu.externaltools.gnu-tools-for-stm32.10.3-2021.10.win32_1.1.100.202309262110/tools/bin/../lib/gcc/arm-none-eabi/10.3.1/../../../../arm-none-eabi/lib/thumb/v7e-m/nofp\libc_nano.a(lib_a-init.o)
 .ARM.attributes
                0x00000000000000f7       0x1e C:/ST/STM32CubeIDE_1.14.0/STM32CubeIDE/plugins/com.st.stm32cube.ide.mcu.externaltools.gnu-tools-for-stm32.10.3-2021.10.win32_1.1.100.202309262110/tools/bin/../lib/gcc/arm-none-eabi/10.3.1/thumb/v7e-m/nofp/crtn.o
OUTPUT(Device_Drivers.elf elf32-littlearm)
LOAD linker stubs
LOAD C:/ST/STM32CubeIDE_1.14.0/STM32CubeIDE/plugins/com.st.stm32cube.ide.mcu.externaltools.gnu-tools-for-stm32.10.3-2021.10.win32_1.1.100.202309262110/tools/bin/../lib/gcc/arm-none-eabi/10.3.1/../../../../arm-none-eabi/lib/thumb/v7e-m/nofp\libc.a
LOAD C:/ST/STM32CubeIDE_1.14.0/STM32CubeIDE/plugins/com.st.stm32cube.ide.mcu.externaltools.gnu-tools-for-stm32.10.3-2021.10.win32_1.1.100.202309262110/tools/bin/../lib/gcc/arm-none-eabi/10.3.1/../../../../arm-none-eabi/lib/thumb/v7e-m/nofp\libm.a
LOAD C:/ST/STM32CubeIDE_1.14.0/STM32CubeIDE/plugins/com.st.stm32cube.ide.mcu.externaltools.gnu-tools-for-stm32.10.3-2021.10.win32_1.1.100.202309262110/tools/bin/../lib/gcc/arm-none-eabi/10.3.1/thumb/v7e-m/nofp\libgcc.a

.comment        0x0000000000000000       0x50
 .comment       0x0000000000000000       0x50 C:/ST/STM32CubeIDE_1.14.0/STM32CubeIDE/plugins/com.st.stm32cube.ide.mcu.externaltools.gnu-tools-for-stm32.10.3-2021.10.win32_1.1.100.202309262110/tools/bin/../lib/gcc/arm-none-eabi/10.3.1/thumb/v7e-m/nofp/crtbegin.o
                                         0x51 (size before relaxing)
 .comment       0x0000000000000050       0x51 ./Driver/src/stm32f303RE_gpio_driver.o
 .comment       0x0000000000000050       0x51 ./Src/ButtonToggle.o

.debug_info     0x0000000000000000      0x990
 .debug_info    0x0000000000000000      0x6b2 ./Driver/src/stm32f303RE_gpio_driver.o
 .debug_info    0x00000000000006b2      0x2bc ./Src/ButtonToggle.o
 .debug_info    0x000000000000096e       0x22 ./Startup/startup_stm32f303retx.o

.debug_abbrev   0x0000000000000000      0x2c8
 .debug_abbrev  0x0000000000000000      0x191 ./Driver/src/stm32f303RE_gpio_driver.o
 .debug_abbrev  0x0000000000000191      0x125 ./Src/ButtonToggle.o
 .debug_abbrev  0x00000000000002b6       0x12 ./Startup/startup_stm32f303retx.o

.debug_aranges  0x0000000000000000       0xc0
 .debug_aranges
                0x0000000000000000       0x70 ./Driver/src/stm32f303RE_gpio_driver.o
 .debug_aranges
                0x0000000000000070       0x28 ./Src/ButtonToggle.o
 .debug_aranges
                0x0000000000000098       0x28 ./Startup/startup_stm32f303retx.o

.debug_ranges   0x0000000000000000       0x98
 .debug_ranges  0x0000000000000000       0x60 ./Driver/src/stm32f303RE_gpio_driver.o
 .debug_ranges  0x0000000000000060       0x18 ./Src/ButtonToggle.o
 .debug_ranges  0x0000000000000078       0x20 ./Startup/startup_stm32f303retx.o

.debug_macro    0x0000000000000000      0x529
 .debug_macro   0x0000000000000000       0x9a ./Driver/src/stm32f303RE_gpio_driver.o
 .debug_macro   0x000000000000009a       0x8e ./Src/ButtonToggle.o
 .debug_macro   0x0000000000000128      0x361 ./Src/ButtonToggle.o
 .debug_macro   0x0000000000000489       0xa0 ./Src/ButtonToggle.o

.debug_line     0x0000000000000000      0xf14
 .debug_line    0x0000000000000000      0x997 ./Driver/src/stm32f303RE_gpio_driver.o
 .debug_line    0x0000000000000997      0x4f9 ./Src/ButtonToggle.o
 .debug_line    0x0000000000000e90       0x84 ./Startup/startup_stm32f303retx.o

.debug_str      0x0000000000000000     0x55f4
 .debug_str     0x0000000000000000     0x5588 ./Driver/src/stm32f303RE_gpio_driver.o
                                       0x570d (size before relaxing)
 .debug_str     0x0000000000005588       0x3b ./Src/ButtonToggle.o
                                       0x5566 (size before relaxing)
 .debug_str     0x00000000000055c3       0x31 ./Startup/startup_stm32f303retx.o
                                         0x6d (size before relaxing)

.debug_frame    0x0000000000000000      0x24c
 .debug_frame   0x0000000000000000      0x1c8 ./Driver/src/stm32f303RE_gpio_driver.o
 .debug_frame   0x00000000000001c8       0x58 ./Src/ButtonToggle.o
 .debug_frame   0x0000000000000220       0x2c C:/ST/STM32CubeIDE_1.14.0/STM32CubeIDE/plugins/com.st.stm32cube.ide.mcu.externaltools.gnu-tools-for-stm32.10.3-2021.10.win32_1.1.100.202309262110/tools/bin/../lib/gcc/arm-none-eabi/10.3.1/../../../../arm-none-eabi/lib/thumb/v7e-m/nofp\libc_nano.a(lib_a-init.o)
